{
    "failed_checks": [
        {
            "file": "/modules/database/main.tf",
            "findings": [
                {
                    "resource": "module.database.aws_db_instance.mysql",
                    "check_ids": [
                        "CKV_AWS_118",
                        "CKV_AWS_129",
                        "CKV_AWS_161",
                        "CKV_AWS_17"
                    ]
                }
            ]
        }
    ]
}